// Jest Snapshot v1, https://goo.gl/fbAQLP

exports[`should render CustomerDashboardPage correctly 1`] = `
<div>
  <Connect(CustomersSummary) />
  <Connect(CustomerListFilters) />
  <Connect(CustomerList) />
</div>
`;
